// Jest Snapshot v1, https://goo.gl/fbAQLP

exports[`app component renders start page with hero image and nav 1`] = `
<div>
  <div
    id="nav-container"
  >
    <div
      id="page-title-container"
    >
      <p
        id="page-title"
      >
        Steam Lite
      </p>
      <img
        alt="steam icon"
        id="steam-icon"
        src="steam.png"
      />
    </div>
    <a
      href="/Home"
    >
      <p
        class="nav-item"
      >
        Home
      </p>
    </a>
    <a
      href="/Shop"
    >
      <p
        class="nav-item"
      >
        Shop
      </p>
    </a>
    <a
      href="/Cart"
    >
      <img
        alt="shopping cart"
        class="nav-item"
        id="shopping-cart-svg"
        src="cart.svg"
      />
    </a>
    <p
      class="cart-quantity-meter"
    >
      0
    </p>
  </div>
  <div
    id="game-banner-container"
  >
    <img
      alt="video game banner"
      id="game-banner"
      src="game-banner.jpeg"
    />
  </div>
</div>
`;
