// Jest Snapshot v1, https://goo.gl/fbAQLP

exports[`Cart component renders Cart 1`] = `
<div>
  <div
    id="cart-container"
  >
    <div
      id="cart-title-container"
    >
      <p
        id="cart-title"
      >
        Cart
      </p>
      <ul
        id="cart-game-tiles"
      />
    </div>
    <div
      id="cart-total-container"
    >
      <p
        id="total-amount-label-text"
      >
        Your Total:
      </p>
      <p
        id="total-amount-text"
      >
        $
        0
      </p>
      <button
        id="checkout-button"
      >
        Proceed to Checkout
      </button>
    </div>
  </div>
</div>
`;
